forlinux@developer  ~ $ ping 172.17.0.2
PING 172.17.0.2 (172.17.0.2) 56(84) bytes of data.
^C
--- 172.17.0.2 ping statistics ---
9 packets transmitted, 0 received, 100% packet loss, time 8062ms

forlinux@developer  ~ $ ping 172.17.0.2
PING 172.17.0.2 (172.17.0.2) 56(84) bytes of data.
^C
--- 172.17.0.2 ping statistics ---
3 packets transmitted, 0 received, 100% packet loss, time 2014ms

forlinux@developer  ~ $ ifconfig
bash: ifconfig: comando não encontrado
forlinux@developer  ~ $ ping 172.17.0.2
PING 172.17.0.2 (172.17.0.2) 56(84) bytes of data.
^C
--- 172.17.0.2 ping statistics ---
3 packets transmitted, 0 received, 100% packet loss, time 2015ms

forlinux@developer  ~ $ sudo ip r add 172.17.0.0/16 via 198.168.0.2
RTNETLINK answers: Network is unreachable
forlinux@developer  ~ $ 
forlinux@developer  ~ $ ping 192.168.0.2
PING 192.168.0.2 (192.168.0.2) 56(84) bytes of data.
64 bytes from 192.168.0.2: icmp_seq=1 ttl=64 time=0.644 ms
64 bytes from 192.168.0.2: icmp_seq=2 ttl=64 time=1.31 ms
64 bytes from 192.168.0.2: icmp_seq=3 ttl=64 time=0.322 ms
64 bytes from 192.168.0.2: icmp_seq=4 ttl=64 time=0.655 ms
^C
--- 192.168.0.2 ping statistics ---
4 packets transmitted, 4 received, 0% packet loss, time 3000ms
rtt min/avg/max/mdev = 0.322/0.734/1.318/0.363 ms
forlinux@developer  ~ $ ping 172.17.0.2
PING 172.17.0.2 (172.17.0.2) 56(84) bytes of data.
^C
--- 172.17.0.2 ping statistics ---
3 packets transmitted, 0 received, 100% packet loss, time 2014ms

forlinux@developer  ~ $ sudo ip r add 172.17.0.0/16 via 198.168.0.1
RTNETLINK answers: Network is unreachable
forlinux@developer  ~ $ sudo ip r add 172.17.0.0/16 dev eth1
forlinux@developer  ~ $ 
forlinux@developer  ~ $ ping 172.17.0.2
PING 172.17.0.2 (172.17.0.2) 56(84) bytes of data.

From 192.168.0.1 icmp_seq=1 Destination Host Unreachable
From 192.168.0.1 icmp_seq=2 Destination Host Unreachable
From 192.168.0.1 icmp_seq=3 Destination Host Unreachable
From 192.168.0.1 icmp_seq=4 Destination Host Unreachable
From 192.168.0.1 icmp_seq=5 Destination Host Unreachable
From 192.168.0.1 icmp_seq=6 Destination Host Unreachable
^C
--- 172.17.0.2 ping statistics ---
7 packets transmitted, 0 received, +6 errors, 100% packet loss, time 6030ms
pipe 3
forlinux@developer  ~ $ ip r
default via 192.168.202.217 dev eth0  proto static  metric 1024 
172.17.0.0/16 dev eth1  scope link 
192.168.0.0/24 dev eth1  proto kernel  scope link  src 192.168.0.1 
192.168.202.0/24 dev eth0  proto kernel  scope link  src 192.168.202.73 
forlinux@developer  ~ $ ping 172.17.0.2
PING 172.17.0.2 (172.17.0.2) 56(84) bytes of data.
From 192.168.0.1 icmp_seq=1 Destination Host Unreachable
From 192.168.0.1 icmp_seq=2 Destination Host Unreachable
From 192.168.0.1 icmp_seq=3 Destination Host Unreachable
^C
--- 172.17.0.2 ping statistics ---
6 packets transmitted, 0 received, +3 errors, 100% packet loss, time 5031ms
pipe 3
forlinux@developer  ~ $ ping 172.17.0.2
PING 172.17.0.2 (172.17.0.2) 56(84) bytes of data.
From 192.168.0.1 icmp_seq=1 Destination Host Unreachable
From 192.168.0.1 icmp_seq=2 Destination Host Unreachable
From 192.168.0.1 icmp_seq=3 Destination Host Unreachable
^C
--- 172.17.0.2 ping statistics ---
5 packets transmitted, 0 received, +3 errors, 100% packet loss, time 4023ms
pipe 3
forlinux@developer  ~ $ sudo ip a
1: lo: <LOOPBACK,UP,LOWER_UP> mtu 65536 qdisc noqueue state UNKNOWN group default 
    link/loopback 00:00:00:00:00:00 brd 00:00:00:00:00:00
    inet 127.0.0.1/8 scope host lo
       valid_lft forever preferred_lft forever
    inet6 ::1/128 scope host 
       valid_lft forever preferred_lft forever
2: eth0: <BROADCAST,MULTICAST,UP,LOWER_UP> mtu 1500 qdisc pfifo_fast state UP group default qlen 1000
    link/ether 08:00:27:9f:47:c3 brd ff:ff:ff:ff:ff:ff
    inet 192.168.202.73/24 brd 192.168.202.255 scope global dynamic eth0
       valid_lft 5153sec preferred_lft 5153sec
    inet6 fe80::a00:27ff:fe9f:47c3/64 scope link 
       valid_lft forever preferred_lft forever
3: eth1: <BROADCAST,MULTICAST,UP,LOWER_UP> mtu 1500 qdisc pfifo_fast state UP group default qlen 1000
    link/ether 08:00:27:47:47:68 brd ff:ff:ff:ff:ff:ff
    inet 192.168.0.1/24 brd 192.168.0.255 scope global eth1
       valid_lft forever preferred_lft forever
    inet6 fe80::a00:27ff:fe47:4768/64 scope link 
       valid_lft forever preferred_lft forever
forlinux@developer  ~ $ 
forlinux@developer  ~ $ sudo ip r
default via 192.168.202.217 dev eth0  proto static  metric 1024 
172.17.0.0/16 dev eth1  scope link 
192.168.0.0/24 dev eth1  proto kernel  scope link  src 192.168.0.1 
192.168.202.0/24 dev eth0  proto kernel  scope link  src 192.168.202.73 
forlinux@developer  ~ $ sudo ip r 172.17.0.0/16
Command "172.17.0.0/16" is unknown, try "ip route help".
forlinux@developer  ~ $ sudo ip r 172.17.0.0/16 dev eth1
Command "172.17.0.0/16" is unknown, try "ip route help".
forlinux@developer  ~ $ sudo ip r del 172.17.0.0/16 dev eth1
forlinux@developer  ~ $ sudo ip r add 172.17.0.0/16 via 192.168.0.2
forlinux@developer  ~ $ ping 172.17.0.2
PING 172.17.0.2 (172.17.0.2) 56(84) bytes of data.
64 bytes from 172.17.0.2: icmp_seq=1 ttl=63 time=0.772 ms
64 bytes from 172.17.0.2: icmp_seq=2 ttl=63 time=0.704 ms
64 bytes from 172.17.0.2: icmp_seq=3 ttl=63 time=0.707 ms
^C
--- 172.17.0.2 ping statistics ---
3 packets transmitted, 3 received, 0% packet loss, time 2000ms
rtt min/avg/max/mdev = 0.704/0.727/0.772/0.044 ms
forlinux@developer  ~ $ ping 172.17.0.3
PING 172.17.0.3 (172.17.0.3) 56(84) bytes of data.
64 bytes from 172.17.0.3: icmp_seq=1 ttl=63 time=1.40 ms
64 bytes from 172.17.0.3: icmp_seq=2 ttl=63 time=0.748 ms
64 bytes from 172.17.0.3: icmp_seq=3 ttl=63 time=0.651 ms
^C
--- 172.17.0.3 ping statistics ---
3 packets transmitted, 3 received, 0% packet loss, time 2001ms
rtt min/avg/max/mdev = 0.651/0.935/1.407/0.336 ms
forlinux@developer  ~ $ 
forlinux@developer  ~ $ 
forlinux@developer  ~ $ mysql -u root -p123456
Welcome to the MySQL monitor.  Commands end with ; or \g.
Your MySQL connection id is 39
Server version: 5.5.47-0+deb8u1 (Debian)

Copyright (c) 2000, 2015, Oracle and/or its affiliates. All rights reserved.

Oracle is a registered trademark of Oracle Corporation and/or its
affiliates. Other names may be trademarks of their respective
owners.

Type 'help;' or '\h' for help. Type '\c' to clear the current input statement.

mysql> 
mysql> 
mysql> show databases
    -> ;
+--------------------+
| Database           |
+--------------------+
| information_schema |
| admssh             |
| curso501           |
| dexter             |
| dexterops          |
| mysql              |
| performance_schema |
| projetos           |
| python             |
+--------------------+
9 rows in set (0.13 sec)

mysql> create database loja2;
Query OK, 1 row affected (0.00 sec)

mysql> use loja2;
Database changed
mysql> show tables;
Empty set (0.00 sec)

mysql> create table produtos(
    -> id integer auto_increment not null primary key,
    -> nome varchar(255),
    -> descricao varchar(255),
    -> preco double,
    -> categoria varchar(255));
Query OK, 0 rows affected (0.01 sec)

mysql> 
mysql> describe produtos
    -> ;
+-----------+--------------+------+-----+---------+----------------+
| Field     | Type         | Null | Key | Default | Extra          |
+-----------+--------------+------+-----+---------+----------------+
| id        | int(11)      | NO   | PRI | NULL    | auto_increment |
| nome      | varchar(255) | YES  |     | NULL    |                |
| descricao | varchar(255) | YES  |     | NULL    |                |
| preco     | double       | YES  |     | NULL    |                |
| categoria | varchar(255) | YES  |     | NULL    |                |
+-----------+--------------+------+-----+---------+----------------+
5 rows in set (0.00 sec)

mysql> 
mysql> select * from produtos;
Empty set (0.00 sec)

mysql> insert into produtos(nome, descricao, preco, categoria) values ('Arduino','micro-controlador',49.99,'Eletronicos');
Query OK, 1 row affected (0.01 sec)

mysql> insert into produtos(nome, descricao, preco, categoria) values ('Raspberry-pi','computador',299.99,'Eletronicos');Query OK, 1 row affected (0.00 sec)

mysql> insert into produtos(nome, descricao, preco, categoria) values ('Beaglebone','computador',29.99,'Eletronicos');
Query OK, 1 row affected (0.01 sec)

mysql> insert into produtos(nome, descricao, preco, categoria) values ('Cubiboard','computador',299.99,'Eletronicos');
Query OK, 1 row affected (0.00 sec)

mysql> 
mysql> insert into produtos(nome, descricao, preco, categoria) values ('Banana-pi','computador',299.99,'Eletronicos');
Query OK, 1 row affected (0.00 sec)

mysql> 
mysql> select * from produtos;
+----+--------------+-------------------+--------+-------------+
| id | nome         | descricao         | preco  | categoria   |
+----+--------------+-------------------+--------+-------------+
|  1 | Arduino      | micro-controlador |  49.99 | Eletronicos |
|  2 | Raspberry-pi | computador        | 299.99 | Eletronicos |
|  3 | Beaglebone   | computador        |  29.99 | Eletronicos |
|  4 | Cubiboard    | computador        | 299.99 | Eletronicos |
|  5 | Banana-pi    | computador        | 299.99 | Eletronicos |
+----+--------------+-------------------+--------+-------------+
5 rows in set (0.00 sec)

mysql> 
mysql> update produtos set preco=499.99 where id=3
    -> ;
Query OK, 1 row affected (0.02 sec)
Rows matched: 1  Changed: 1  Warnings: 0

mysql> select * from produtos;
+----+--------------+-------------------+--------+-------------+
| id | nome         | descricao         | preco  | categoria   |
+----+--------------+-------------------+--------+-------------+
|  1 | Arduino      | micro-controlador |  49.99 | Eletronicos |
|  2 | Raspberry-pi | computador        | 299.99 | Eletronicos |
|  3 | Beaglebone   | computador        | 499.99 | Eletronicos |
|  4 | Cubiboard    | computador        | 299.99 | Eletronicos |
|  5 | Banana-pi    | computador        | 299.99 | Eletronicos |
+----+--------------+-------------------+--------+-------------+
5 rows in set (0.00 sec)

mysql> select * from produtos order by preco asc;
+----+--------------+-------------------+--------+-------------+
| id | nome         | descricao         | preco  | categoria   |
+----+--------------+-------------------+--------+-------------+
|  1 | Arduino      | micro-controlador |  49.99 | Eletronicos |
|  2 | Raspberry-pi | computador        | 299.99 | Eletronicos |
|  4 | Cubiboard    | computador        | 299.99 | Eletronicos |
|  5 | Banana-pi    | computador        | 299.99 | Eletronicos |
|  3 | Beaglebone   | computador        | 499.99 | Eletronicos |
+----+--------------+-------------------+--------+-------------+
5 rows in set (0.00 sec)

mysql> select * from produtos order by nome asc;
+----+--------------+-------------------+--------+-------------+
| id | nome         | descricao         | preco  | categoria   |
+----+--------------+-------------------+--------+-------------+
|  1 | Arduino      | micro-controlador |  49.99 | Eletronicos |
|  5 | Banana-pi    | computador        | 299.99 | Eletronicos |
|  3 | Beaglebone   | computador        | 499.99 | Eletronicos |
|  4 | Cubiboard    | computador        | 299.99 | Eletronicos |
|  2 | Raspberry-pi | computador        | 299.99 | Eletronicos |
+----+--------------+-------------------+--------+-------------+
5 rows in set (0.00 sec)

mysql> select * from produtos order by nome desc;
+----+--------------+-------------------+--------+-------------+
| id | nome         | descricao         | preco  | categoria   |
+----+--------------+-------------------+--------+-------------+
|  2 | Raspberry-pi | computador        | 299.99 | Eletronicos |
|  4 | Cubiboard    | computador        | 299.99 | Eletronicos |
|  3 | Beaglebone   | computador        | 499.99 | Eletronicos |
|  5 | Banana-pi    | computador        | 299.99 | Eletronicos |
|  1 | Arduino      | micro-controlador |  49.99 | Eletronicos |
+----+--------------+-------------------+--------+-------------+
5 rows in set (0.00 sec)

mysql> select * from produtos where categoria='computador';
Empty set (0.00 sec)

mysql> select * from produtos where categoria='Eletronicos';
+----+--------------+-------------------+--------+-------------+
| id | nome         | descricao         | preco  | categoria   |
+----+--------------+-------------------+--------+-------------+
|  1 | Arduino      | micro-controlador |  49.99 | Eletronicos |
|  2 | Raspberry-pi | computador        | 299.99 | Eletronicos |
|  3 | Beaglebone   | computador        | 499.99 | Eletronicos |
|  4 | Cubiboard    | computador        | 299.99 | Eletronicos |
|  5 | Banana-pi    | computador        | 299.99 | Eletronicos |
+----+--------------+-------------------+--------+-------------+
5 rows in set (0.00 sec)

mysql> select * from produtos where preco<300;
+----+--------------+-------------------+--------+-------------+
| id | nome         | descricao         | preco  | categoria   |
+----+--------------+-------------------+--------+-------------+
|  1 | Arduino      | micro-controlador |  49.99 | Eletronicos |
|  2 | Raspberry-pi | computador        | 299.99 | Eletronicos |
|  4 | Cubiboard    | computador        | 299.99 | Eletronicos |
|  5 | Banana-pi    | computador        | 299.99 | Eletronicos |
+----+--------------+-------------------+--------+-------------+
4 rows in set (0.00 sec)

mysql> select * from produtos where preco > 300;
+----+------------+------------+--------+-------------+
| id | nome       | descricao  | preco  | categoria   |
+----+------------+------------+--------+-------------+
|  3 | Beaglebone | computador | 499.99 | Eletronicos |
+----+------------+------------+--------+-------------+
1 row in set (0.00 sec)

mysql> select * from produtos where preco betwen 100 and 300;
ERROR 1064 (42000): You have an error in your SQL syntax; check the manual that corresponds to your MySQL server version for the right syntax to use near 'betwen 100 and 300' at line 1
mysql> select * from produtos where preco between 100 and 300;
+----+--------------+------------+--------+-------------+
| id | nome         | descricao  | preco  | categoria   |
+----+--------------+------------+--------+-------------+
|  2 | Raspberry-pi | computador | 299.99 | Eletronicos |
|  4 | Cubiboard    | computador | 299.99 | Eletronicos |
|  5 | Banana-pi    | computador | 299.99 | Eletronicos |
+----+--------------+------------+--------+-------------+
3 rows in set (0.00 sec)

mysql> select nome, preco from produtos where preco between 100 and 300;
+--------------+--------+
| nome         | preco  |
+--------------+--------+
| Raspberry-pi | 299.99 |
| Cubiboard    | 299.99 |
| Banana-pi    | 299.99 |
+--------------+--------+
3 rows in set (0.00 sec)

mysql> select * from produtos limit 3;
+----+--------------+-------------------+--------+-------------+
| id | nome         | descricao         | preco  | categoria   |
+----+--------------+-------------------+--------+-------------+
|  1 | Arduino      | micro-controlador |  49.99 | Eletronicos |
|  2 | Raspberry-pi | computador        | 299.99 | Eletronicos |
|  3 | Beaglebone   | computador        | 499.99 | Eletronicos |
+----+--------------+-------------------+--------+-------------+
3 rows in set (0.00 sec)

mysql> delete from produtos where id=5;
Query OK, 1 row affected (0.00 sec)

mysql> select * from produtos;
+----+--------------+-------------------+--------+-------------+
| id | nome         | descricao         | preco  | categoria   |
+----+--------------+-------------------+--------+-------------+
|  1 | Arduino      | micro-controlador |  49.99 | Eletronicos |
|  2 | Raspberry-pi | computador        | 299.99 | Eletronicos |
|  3 | Beaglebone   | computador        | 499.99 | Eletronicos |
|  4 | Cubiboard    | computador        | 299.99 | Eletronicos |
+----+--------------+-------------------+--------+-------------+
4 rows in set (0.00 sec)

mysql> 




